../Core/Src/main.c:138:6:HAL_I2C_ListenCpltCallback	16	static
../Core/Src/main.c:144:6:HAL_I2C_AddrCallback	16	static
../Core/Src/main.c:174:6:HAL_I2C_SlaveTxCpltCallback	16	static
../Core/Src/main.c:180:6:HAL_I2C_SlaveRxCpltCallback	24	static
../Core/Src/main.c:195:6:HAL_I2C_ErrorCallback	16	static
../Core/Src/main.c:220:6:HAL_SPI_RxCpltCallback	16	static
../Core/Src/main.c:232:6:HAL_SPI_TxCpltCallback	16	static
../Core/Src/main.c:244:6:HAL_SPI_ErrorCallback	16	static
../Core/Src/main.c:259:5:main	16	static
../Core/Src/main.c:400:6:SystemClock_Config	120	static
../Core/Src/main.c:460:13:MX_I2C4_Init	8	static
../Core/Src/main.c:508:13:MX_SPI3_Init	8	static
../Core/Src/main.c:555:13:MX_GPIO_Init	48	static
../Core/Src/main.c:620:6:Error_Handler	4	static,ignoring_inline_asm
